Analysis & Synthesis report for RS232_Communication
Sun Nov 16 09:52:16 2025
Quartus Prime Version 24.1std.0 Build 1077 03/04/2025 SC Lite Edition


---------------------
; Table of Contents ;
---------------------
  1. Legal Notice
  2. Analysis & Synthesis Summary
  3. Analysis & Synthesis Settings
  4. Parallel Compilation
  5. Analysis & Synthesis Source Files Read
  6. Analysis & Synthesis Resource Usage Summary
  7. Analysis & Synthesis Resource Utilization by Entity
  8. State Machine - |rs232_top|mottaker:receiver_inst|state
  9. State Machine - |rs232_top|sender:sender_inst|state
 10. General Register Statistics
 11. Inverted Register Statistics
 12. Multiplexer Restructuring Statistics (Restructuring Performed)
 13. Parameter Settings for Inferred Entity Instance: data_display:display_inst|bin2bcd_8bit:bin2bcd_inst|lpm_divide:Div1
 14. Parameter Settings for Inferred Entity Instance: data_display:display_inst|bin2bcd_8bit:bin2bcd_inst|lpm_divide:Div0
 15. Parameter Settings for Inferred Entity Instance: data_display:display_inst|bin2bcd_8bit:bin2bcd_inst|lpm_mult:Mult0
 16. lpm_mult Parameter Settings by Entity Instance
 17. Port Connectivity Checks: "data_display:display_inst|bin2bcd_8bit:bin2bcd_inst"
 18. Post-Synthesis Netlist Statistics for Top Partition
 19. Elapsed Time Per Partition
 20. Analysis & Synthesis Messages



----------------
; Legal Notice ;
----------------
Copyright (C) 2025  Altera Corporation. All rights reserved.
Your use of Altera Corporation's design tools, logic functions 
and other software and tools, and any partner logic 
functions, and any output files from any of the foregoing 
(including device programming or simulation files), and any 
associated documentation or information are expressly subject 
to the terms and conditions of the Altera Program License 
Subscription Agreement, the Altera Quartus Prime License Agreement,
the Altera IP License Agreement, or other applicable license
agreement, including, without limitation, that your use is for
the sole purpose of programming logic devices manufactured by
Altera and sold by Altera or its authorized distributors.  Please
refer to the Altera Software License Subscription Agreements 
on the Quartus Prime software download page.



+--------------------------------------------------------------------------------------+
; Analysis & Synthesis Summary                                                         ;
+------------------------------------+-------------------------------------------------+
; Analysis & Synthesis Status        ; Successful - Sun Nov 16 09:52:16 2025           ;
; Quartus Prime Version              ; 24.1std.0 Build 1077 03/04/2025 SC Lite Edition ;
; Revision Name                      ; RS232_Communication                             ;
; Top-level Entity Name              ; rs232_top                                       ;
; Family                             ; Cyclone IV E                                    ;
; Total logic elements               ; 388                                             ;
;     Total combinational functions  ; 359                                             ;
;     Dedicated logic registers      ; 117                                             ;
; Total registers                    ; 117                                             ;
; Total pins                         ; 112                                             ;
; Total virtual pins                 ; 0                                               ;
; Total memory bits                  ; 0                                               ;
; Embedded Multiplier 9-bit elements ; 0                                               ;
; Total PLLs                         ; 0                                               ;
+------------------------------------+-------------------------------------------------+


+-------------------------------------------------------------------------------------------------------------+
; Analysis & Synthesis Settings                                                                               ;
+------------------------------------------------------------------+--------------------+---------------------+
; Option                                                           ; Setting            ; Default Value       ;
+------------------------------------------------------------------+--------------------+---------------------+
; Device                                                           ; EP4CE115F29C7      ;                     ;
; Top-level entity name                                            ; rs232_top          ; RS232_Communication ;
; Family name                                                      ; Cyclone IV E       ; Cyclone V           ;
; Use smart compilation                                            ; Off                ; Off                 ;
; Enable parallel Assembler and Timing Analyzer during compilation ; On                 ; On                  ;
; Enable compact report table                                      ; Off                ; Off                 ;
; Restructure Multiplexers                                         ; Auto               ; Auto                ;
; Create Debugging Nodes for IP Cores                              ; Off                ; Off                 ;
; Preserve fewer node names                                        ; On                 ; On                  ;
; Intel FPGA IP Evaluation Mode                                    ; Enable             ; Enable              ;
; Verilog Version                                                  ; Verilog_2001       ; Verilog_2001        ;
; VHDL Version                                                     ; VHDL_1993          ; VHDL_1993           ;
; State Machine Processing                                         ; Auto               ; Auto                ;
; Safe State Machine                                               ; Off                ; Off                 ;
; Extract Verilog State Machines                                   ; On                 ; On                  ;
; Extract VHDL State Machines                                      ; On                 ; On                  ;
; Ignore Verilog initial constructs                                ; Off                ; Off                 ;
; Iteration limit for constant Verilog loops                       ; 5000               ; 5000                ;
; Iteration limit for non-constant Verilog loops                   ; 250                ; 250                 ;
; Add Pass-Through Logic to Inferred RAMs                          ; On                 ; On                  ;
; Infer RAMs from Raw Logic                                        ; On                 ; On                  ;
; Parallel Synthesis                                               ; On                 ; On                  ;
; DSP Block Balancing                                              ; Auto               ; Auto                ;
; NOT Gate Push-Back                                               ; On                 ; On                  ;
; Power-Up Don't Care                                              ; On                 ; On                  ;
; Remove Redundant Logic Cells                                     ; Off                ; Off                 ;
; Remove Duplicate Registers                                       ; On                 ; On                  ;
; Ignore CARRY Buffers                                             ; Off                ; Off                 ;
; Ignore CASCADE Buffers                                           ; Off                ; Off                 ;
; Ignore GLOBAL Buffers                                            ; Off                ; Off                 ;
; Ignore ROW GLOBAL Buffers                                        ; Off                ; Off                 ;
; Ignore LCELL Buffers                                             ; Off                ; Off                 ;
; Ignore SOFT Buffers                                              ; On                 ; On                  ;
; Limit AHDL Integers to 32 Bits                                   ; Off                ; Off                 ;
; Optimization Technique                                           ; Balanced           ; Balanced            ;
; Carry Chain Length                                               ; 70                 ; 70                  ;
; Auto Carry Chains                                                ; On                 ; On                  ;
; Auto Open-Drain Pins                                             ; On                 ; On                  ;
; Perform WYSIWYG Primitive Resynthesis                            ; Off                ; Off                 ;
; Auto ROM Replacement                                             ; On                 ; On                  ;
; Auto RAM Replacement                                             ; On                 ; On                  ;
; Auto DSP Block Replacement                                       ; On                 ; On                  ;
; Auto Shift Register Replacement                                  ; Auto               ; Auto                ;
; Allow Shift Register Merging across Hierarchies                  ; Auto               ; Auto                ;
; Auto Clock Enable Replacement                                    ; On                 ; On                  ;
; Strict RAM Replacement                                           ; Off                ; Off                 ;
; Allow Synchronous Control Signals                                ; On                 ; On                  ;
; Force Use of Synchronous Clear Signals                           ; Off                ; Off                 ;
; Auto RAM Block Balancing                                         ; On                 ; On                  ;
; Auto RAM to Logic Cell Conversion                                ; Off                ; Off                 ;
; Auto Resource Sharing                                            ; Off                ; Off                 ;
; Allow Any RAM Size For Recognition                               ; Off                ; Off                 ;
; Allow Any ROM Size For Recognition                               ; Off                ; Off                 ;
; Allow Any Shift Register Size For Recognition                    ; Off                ; Off                 ;
; Use LogicLock Constraints during Resource Balancing              ; On                 ; On                  ;
; Ignore translate_off and synthesis_off directives                ; Off                ; Off                 ;
; Timing-Driven Synthesis                                          ; On                 ; On                  ;
; Report Parameter Settings                                        ; On                 ; On                  ;
; Report Source Assignments                                        ; On                 ; On                  ;
; Report Connectivity Checks                                       ; On                 ; On                  ;
; Ignore Maximum Fan-Out Assignments                               ; Off                ; Off                 ;
; Synchronization Register Chain Length                            ; 2                  ; 2                   ;
; Power Optimization During Synthesis                              ; Normal compilation ; Normal compilation  ;
; HDL message level                                                ; Level2             ; Level2              ;
; Suppress Register Optimization Related Messages                  ; Off                ; Off                 ;
; Number of Removed Registers Reported in Synthesis Report         ; 5000               ; 5000                ;
; Number of Swept Nodes Reported in Synthesis Report               ; 5000               ; 5000                ;
; Number of Inverted Registers Reported in Synthesis Report        ; 100                ; 100                 ;
; Clock MUX Protection                                             ; On                 ; On                  ;
; Auto Gated Clock Conversion                                      ; Off                ; Off                 ;
; Block Design Naming                                              ; Auto               ; Auto                ;
; SDC constraint protection                                        ; Off                ; Off                 ;
; Synthesis Effort                                                 ; Auto               ; Auto                ;
; Shift Register Replacement - Allow Asynchronous Clear Signal     ; On                 ; On                  ;
; Pre-Mapping Resynthesis Optimization                             ; Off                ; Off                 ;
; Analysis & Synthesis Message Level                               ; Medium             ; Medium              ;
; Disable Register Merging Across Hierarchies                      ; Auto               ; Auto                ;
; Resource Aware Inference For Block RAM                           ; On                 ; On                  ;
+------------------------------------------------------------------+--------------------+---------------------+


+------------------------------------------+
; Parallel Compilation                     ;
+----------------------------+-------------+
; Processors                 ; Number      ;
+----------------------------+-------------+
; Number detected on machine ; 8           ;
; Maximum allowed            ; 4           ;
;                            ;             ;
; Average used               ; 1.00        ;
; Maximum used               ; 4           ;
;                            ;             ;
; Usage by Processor         ; % Time Used ;
;     Processor 1            ; 100.0%      ;
;     Processor 2            ;   0.0%      ;
;     Processors 3-4         ;   0.0%      ;
+----------------------------+-------------+


+-----------------------------------------------------------------------------------------------------------------------------------------------------------------------------+
; Analysis & Synthesis Source Files Read                                                                                                                                      ;
+----------------------------------+-----------------+------------------------------+-------------------------------------------------------------------------------+---------+
; File Name with User-Entered Path ; Used in Netlist ; File Type                    ; File Name with Absolute Path                                                  ; Library ;
+----------------------------------+-----------------+------------------------------+-------------------------------------------------------------------------------+---------+
; src/rs232_top.vhd                ; yes             ; User VHDL File               ; C:/Quartus_ELE111/RS232_CCM/src/rs232_top.vhd                                 ;         ;
; src/sender.vhd                   ; yes             ; User VHDL File               ; C:/Quartus_ELE111/RS232_CCM/src/sender.vhd                                    ;         ;
; src/mottaker.vhd                 ; yes             ; User VHDL File               ; C:/Quartus_ELE111/RS232_CCM/src/mottaker.vhd                                  ;         ;
; src/baud_rate_selector.vhd       ; yes             ; User VHDL File               ; C:/Quartus_ELE111/RS232_CCM/src/baud_rate_selector.vhd                        ;         ;
; src/data_source_mux.vhd          ; yes             ; User VHDL File               ; C:/Quartus_ELE111/RS232_CCM/src/data_source_mux.vhd                           ;         ;
; src/data_display.vhd             ; yes             ; User VHDL File               ; C:/Quartus_ELE111/RS232_CCM/src/data_display.vhd                              ;         ;
; src/reset_sync.vhd               ; yes             ; User VHDL File               ; C:/Quartus_ELE111/RS232_CCM/src/reset_sync.vhd                                ;         ;
; src/bin2bcd_8bit.vhd             ; yes             ; User VHDL File               ; C:/Quartus_ELE111/RS232_CCM/src/bin2bcd_8bit.vhd                              ;         ;
; src/ROM_7_seg.vhd                ; yes             ; User VHDL File               ; C:/Quartus_ELE111/RS232_CCM/src/ROM_7_seg.vhd                                 ;         ;
; lpm_divide.tdf                   ; yes             ; Megafunction                 ; c:/intelfpga_lite/24.1std/quartus/libraries/megafunctions/lpm_divide.tdf      ;         ;
; abs_divider.inc                  ; yes             ; Megafunction                 ; c:/intelfpga_lite/24.1std/quartus/libraries/megafunctions/abs_divider.inc     ;         ;
; sign_div_unsign.inc              ; yes             ; Megafunction                 ; c:/intelfpga_lite/24.1std/quartus/libraries/megafunctions/sign_div_unsign.inc ;         ;
; aglobal241.inc                   ; yes             ; Megafunction                 ; c:/intelfpga_lite/24.1std/quartus/libraries/megafunctions/aglobal241.inc      ;         ;
; db/lpm_divide_jhm.tdf            ; yes             ; Auto-Generated Megafunction  ; C:/Quartus_ELE111/RS232_CCM/db/lpm_divide_jhm.tdf                             ;         ;
; db/sign_div_unsign_bkh.tdf       ; yes             ; Auto-Generated Megafunction  ; C:/Quartus_ELE111/RS232_CCM/db/sign_div_unsign_bkh.tdf                        ;         ;
; db/alt_u_div_a4f.tdf             ; yes             ; Auto-Generated Megafunction  ; C:/Quartus_ELE111/RS232_CCM/db/alt_u_div_a4f.tdf                              ;         ;
; db/add_sub_7pc.tdf               ; yes             ; Auto-Generated Megafunction  ; C:/Quartus_ELE111/RS232_CCM/db/add_sub_7pc.tdf                                ;         ;
; db/add_sub_8pc.tdf               ; yes             ; Auto-Generated Megafunction  ; C:/Quartus_ELE111/RS232_CCM/db/add_sub_8pc.tdf                                ;         ;
; db/lpm_divide_mhm.tdf            ; yes             ; Auto-Generated Megafunction  ; C:/Quartus_ELE111/RS232_CCM/db/lpm_divide_mhm.tdf                             ;         ;
; db/sign_div_unsign_ekh.tdf       ; yes             ; Auto-Generated Megafunction  ; C:/Quartus_ELE111/RS232_CCM/db/sign_div_unsign_ekh.tdf                        ;         ;
; db/alt_u_div_g4f.tdf             ; yes             ; Auto-Generated Megafunction  ; C:/Quartus_ELE111/RS232_CCM/db/alt_u_div_g4f.tdf                              ;         ;
; lpm_mult.tdf                     ; yes             ; Megafunction                 ; c:/intelfpga_lite/24.1std/quartus/libraries/megafunctions/lpm_mult.tdf        ;         ;
; lpm_add_sub.inc                  ; yes             ; Megafunction                 ; c:/intelfpga_lite/24.1std/quartus/libraries/megafunctions/lpm_add_sub.inc     ;         ;
; multcore.inc                     ; yes             ; Megafunction                 ; c:/intelfpga_lite/24.1std/quartus/libraries/megafunctions/multcore.inc        ;         ;
; bypassff.inc                     ; yes             ; Megafunction                 ; c:/intelfpga_lite/24.1std/quartus/libraries/megafunctions/bypassff.inc        ;         ;
; altshift.inc                     ; yes             ; Megafunction                 ; c:/intelfpga_lite/24.1std/quartus/libraries/megafunctions/altshift.inc        ;         ;
; multcore.tdf                     ; yes             ; Megafunction                 ; c:/intelfpga_lite/24.1std/quartus/libraries/megafunctions/multcore.tdf        ;         ;
; csa_add.inc                      ; yes             ; Megafunction                 ; c:/intelfpga_lite/24.1std/quartus/libraries/megafunctions/csa_add.inc         ;         ;
; mpar_add.inc                     ; yes             ; Megafunction                 ; c:/intelfpga_lite/24.1std/quartus/libraries/megafunctions/mpar_add.inc        ;         ;
; muleabz.inc                      ; yes             ; Megafunction                 ; c:/intelfpga_lite/24.1std/quartus/libraries/megafunctions/muleabz.inc         ;         ;
; mul_lfrg.inc                     ; yes             ; Megafunction                 ; c:/intelfpga_lite/24.1std/quartus/libraries/megafunctions/mul_lfrg.inc        ;         ;
; mul_boothc.inc                   ; yes             ; Megafunction                 ; c:/intelfpga_lite/24.1std/quartus/libraries/megafunctions/mul_boothc.inc      ;         ;
; alt_ded_mult.inc                 ; yes             ; Megafunction                 ; c:/intelfpga_lite/24.1std/quartus/libraries/megafunctions/alt_ded_mult.inc    ;         ;
; alt_ded_mult_y.inc               ; yes             ; Megafunction                 ; c:/intelfpga_lite/24.1std/quartus/libraries/megafunctions/alt_ded_mult_y.inc  ;         ;
; dffpipe.inc                      ; yes             ; Megafunction                 ; c:/intelfpga_lite/24.1std/quartus/libraries/megafunctions/dffpipe.inc         ;         ;
; mpar_add.tdf                     ; yes             ; Megafunction                 ; c:/intelfpga_lite/24.1std/quartus/libraries/megafunctions/mpar_add.tdf        ;         ;
; altshift.tdf                     ; yes             ; Megafunction                 ; c:/intelfpga_lite/24.1std/quartus/libraries/megafunctions/altshift.tdf        ;         ;
+----------------------------------+-----------------+------------------------------+-------------------------------------------------------------------------------+---------+


+--------------------------------------------------------------+
; Analysis & Synthesis Resource Usage Summary                  ;
+---------------------------------------------+----------------+
; Resource                                    ; Usage          ;
+---------------------------------------------+----------------+
; Estimated Total logic elements              ; 388            ;
;                                             ;                ;
; Total combinational functions               ; 359            ;
; Logic element usage by number of LUT inputs ;                ;
;     -- 4 input functions                    ; 115            ;
;     -- 3 input functions                    ; 71             ;
;     -- <=2 input functions                  ; 173            ;
;                                             ;                ;
; Logic elements by mode                      ;                ;
;     -- normal mode                          ; 247            ;
;     -- arithmetic mode                      ; 112            ;
;                                             ;                ;
; Total registers                             ; 117            ;
;     -- Dedicated logic registers            ; 117            ;
;     -- I/O registers                        ; 0              ;
;                                             ;                ;
; I/O pins                                    ; 112            ;
;                                             ;                ;
; Embedded Multiplier 9-bit elements          ; 0              ;
;                                             ;                ;
; Maximum fan-out node                        ; CLOCK_50~input ;
; Maximum fan-out                             ; 117            ;
; Total fan-out                               ; 1631           ;
; Average fan-out                             ; 2.31           ;
+---------------------------------------------+----------------+


+-------------------------------------------------------------------------------------------------------------------------------------------------------------------------------------------------------------------------------------------------------------------------------------------------------------------------------------------------------------------------------+
; Analysis & Synthesis Resource Utilization by Entity                                                                                                                                                                                                                                                                                                                           ;
+----------------------------------------------+---------------------+---------------------------+-------------+--------------+---------+-----------+------+--------------+----------------------------------------------------------------------------------------------------------------------------------------------------------------+---------------------+--------------+
; Compilation Hierarchy Node                   ; Combinational ALUTs ; Dedicated Logic Registers ; Memory Bits ; DSP Elements ; DSP 9x9 ; DSP 18x18 ; Pins ; Virtual Pins ; Full Hierarchy Name                                                                                                                                            ; Entity Name         ; Library Name ;
+----------------------------------------------+---------------------+---------------------------+-------------+--------------+---------+-----------+------+--------------+----------------------------------------------------------------------------------------------------------------------------------------------------------------+---------------------+--------------+
; |rs232_top                                   ; 359 (32)            ; 117 (2)                   ; 0           ; 0            ; 0       ; 0         ; 112  ; 0            ; |rs232_top                                                                                                                                                     ; rs232_top           ; work         ;
;    |ROM_7_seg:rom_rx_hi|                     ; 7 (7)               ; 0 (0)                     ; 0           ; 0            ; 0       ; 0         ; 0    ; 0            ; |rs232_top|ROM_7_seg:rom_rx_hi                                                                                                                                 ; ROM_7_seg           ; work         ;
;    |ROM_7_seg:rom_rx_lo|                     ; 7 (7)               ; 0 (0)                     ; 0           ; 0            ; 0       ; 0         ; 0    ; 0            ; |rs232_top|ROM_7_seg:rom_rx_lo                                                                                                                                 ; ROM_7_seg           ; work         ;
;    |ROM_7_seg:rom_tx_hi|                     ; 7 (7)               ; 0 (0)                     ; 0           ; 0            ; 0       ; 0         ; 0    ; 0            ; |rs232_top|ROM_7_seg:rom_tx_hi                                                                                                                                 ; ROM_7_seg           ; work         ;
;    |ROM_7_seg:rom_tx_lo|                     ; 7 (7)               ; 0 (0)                     ; 0           ; 0            ; 0       ; 0         ; 0    ; 0            ; |rs232_top|ROM_7_seg:rom_tx_lo                                                                                                                                 ; ROM_7_seg           ; work         ;
;    |baud_rate_selector:baud_selector|        ; 12 (12)             ; 0 (0)                     ; 0           ; 0            ; 0       ; 0         ; 0    ; 0            ; |rs232_top|baud_rate_selector:baud_selector                                                                                                                    ; baud_rate_selector  ; work         ;
;    |data_display:display_inst|               ; 133 (26)            ; 28 (28)                   ; 0           ; 0            ; 0       ; 0         ; 0    ; 0            ; |rs232_top|data_display:display_inst                                                                                                                           ; data_display        ; work         ;
;       |ROM_7_seg:rom_7seg_ones|              ; 7 (7)               ; 0 (0)                     ; 0           ; 0            ; 0       ; 0         ; 0    ; 0            ; |rs232_top|data_display:display_inst|ROM_7_seg:rom_7seg_ones                                                                                                   ; ROM_7_seg           ; work         ;
;       |ROM_7_seg:rom_7seg_tens|              ; 7 (7)               ; 0 (0)                     ; 0           ; 0            ; 0       ; 0         ; 0    ; 0            ; |rs232_top|data_display:display_inst|ROM_7_seg:rom_7seg_tens                                                                                                   ; ROM_7_seg           ; work         ;
;       |bin2bcd_8bit:bin2bcd_inst|            ; 93 (11)             ; 0 (0)                     ; 0           ; 0            ; 0       ; 0         ; 0    ; 0            ; |rs232_top|data_display:display_inst|bin2bcd_8bit:bin2bcd_inst                                                                                                 ; bin2bcd_8bit        ; work         ;
;          |lpm_divide:Div0|                   ; 25 (0)              ; 0 (0)                     ; 0           ; 0            ; 0       ; 0         ; 0    ; 0            ; |rs232_top|data_display:display_inst|bin2bcd_8bit:bin2bcd_inst|lpm_divide:Div0                                                                                 ; lpm_divide          ; work         ;
;             |lpm_divide_mhm:auto_generated|  ; 25 (0)              ; 0 (0)                     ; 0           ; 0            ; 0       ; 0         ; 0    ; 0            ; |rs232_top|data_display:display_inst|bin2bcd_8bit:bin2bcd_inst|lpm_divide:Div0|lpm_divide_mhm:auto_generated                                                   ; lpm_divide_mhm      ; work         ;
;                |sign_div_unsign_ekh:divider| ; 25 (0)              ; 0 (0)                     ; 0           ; 0            ; 0       ; 0         ; 0    ; 0            ; |rs232_top|data_display:display_inst|bin2bcd_8bit:bin2bcd_inst|lpm_divide:Div0|lpm_divide_mhm:auto_generated|sign_div_unsign_ekh:divider                       ; sign_div_unsign_ekh ; work         ;
;                   |alt_u_div_g4f:divider|    ; 25 (25)             ; 0 (0)                     ; 0           ; 0            ; 0       ; 0         ; 0    ; 0            ; |rs232_top|data_display:display_inst|bin2bcd_8bit:bin2bcd_inst|lpm_divide:Div0|lpm_divide_mhm:auto_generated|sign_div_unsign_ekh:divider|alt_u_div_g4f:divider ; alt_u_div_g4f       ; work         ;
;          |lpm_divide:Div1|                   ; 55 (0)              ; 0 (0)                     ; 0           ; 0            ; 0       ; 0         ; 0    ; 0            ; |rs232_top|data_display:display_inst|bin2bcd_8bit:bin2bcd_inst|lpm_divide:Div1                                                                                 ; lpm_divide          ; work         ;
;             |lpm_divide_jhm:auto_generated|  ; 55 (0)              ; 0 (0)                     ; 0           ; 0            ; 0       ; 0         ; 0    ; 0            ; |rs232_top|data_display:display_inst|bin2bcd_8bit:bin2bcd_inst|lpm_divide:Div1|lpm_divide_jhm:auto_generated                                                   ; lpm_divide_jhm      ; work         ;
;                |sign_div_unsign_bkh:divider| ; 55 (0)              ; 0 (0)                     ; 0           ; 0            ; 0       ; 0         ; 0    ; 0            ; |rs232_top|data_display:display_inst|bin2bcd_8bit:bin2bcd_inst|lpm_divide:Div1|lpm_divide_jhm:auto_generated|sign_div_unsign_bkh:divider                       ; sign_div_unsign_bkh ; work         ;
;                   |alt_u_div_a4f:divider|    ; 55 (55)             ; 0 (0)                     ; 0           ; 0            ; 0       ; 0         ; 0    ; 0            ; |rs232_top|data_display:display_inst|bin2bcd_8bit:bin2bcd_inst|lpm_divide:Div1|lpm_divide_jhm:auto_generated|sign_div_unsign_bkh:divider|alt_u_div_a4f:divider ; alt_u_div_a4f       ; work         ;
;          |lpm_mult:Mult0|                    ; 2 (0)               ; 0 (0)                     ; 0           ; 0            ; 0       ; 0         ; 0    ; 0            ; |rs232_top|data_display:display_inst|bin2bcd_8bit:bin2bcd_inst|lpm_mult:Mult0                                                                                  ; lpm_mult            ; work         ;
;             |multcore:mult_core|             ; 2 (2)               ; 0 (0)                     ; 0           ; 0            ; 0       ; 0         ; 0    ; 0            ; |rs232_top|data_display:display_inst|bin2bcd_8bit:bin2bcd_inst|lpm_mult:Mult0|multcore:mult_core                                                               ; multcore            ; work         ;
;    |data_source_mux:data_mux|                ; 8 (8)               ; 0 (0)                     ; 0           ; 0            ; 0       ; 0         ; 0    ; 0            ; |rs232_top|data_source_mux:data_mux                                                                                                                            ; data_source_mux     ; work         ;
;    |mottaker:receiver_inst|                  ; 95 (95)             ; 49 (49)                   ; 0           ; 0            ; 0       ; 0         ; 0    ; 0            ; |rs232_top|mottaker:receiver_inst                                                                                                                              ; mottaker            ; work         ;
;    |reset_sync:rst_sync_inst|                ; 0 (0)               ; 2 (2)                     ; 0           ; 0            ; 0       ; 0         ; 0    ; 0            ; |rs232_top|reset_sync:rst_sync_inst                                                                                                                            ; reset_sync          ; work         ;
;    |sender:sender_inst|                      ; 51 (51)             ; 36 (36)                   ; 0           ; 0            ; 0       ; 0         ; 0    ; 0            ; |rs232_top|sender:sender_inst                                                                                                                                  ; sender              ; work         ;
+----------------------------------------------+---------------------+---------------------------+-------------+--------------+---------+-----------+------+--------------+----------------------------------------------------------------------------------------------------------------------------------------------------------------+---------------------+--------------+
Note: For table entries with two numbers listed, the numbers in parentheses indicate the number of resources of the given type used by the specific entity alone. The numbers listed outside of parentheses indicate the total resources of the given type used by the specific entity and all of its sub-entities in the hierarchy.


Encoding Type:  One-Hot
+---------------------------------------------------------------------------------------------------------+
; State Machine - |rs232_top|mottaker:receiver_inst|state                                                 ;
+-------------------+-------------------+----------------+-----------------+-----------------+------------+
; Name              ; state.ERROR_STATE ; state.STOP_BIT ; state.DATA_BITS ; state.START_BIT ; state.IDLE ;
+-------------------+-------------------+----------------+-----------------+-----------------+------------+
; state.IDLE        ; 0                 ; 0              ; 0               ; 0               ; 0          ;
; state.START_BIT   ; 0                 ; 0              ; 0               ; 1               ; 1          ;
; state.DATA_BITS   ; 0                 ; 0              ; 1               ; 0               ; 1          ;
; state.STOP_BIT    ; 0                 ; 1              ; 0               ; 0               ; 1          ;
; state.ERROR_STATE ; 1                 ; 0              ; 0               ; 0               ; 1          ;
+-------------------+-------------------+----------------+-----------------+-----------------+------------+


Encoding Type:  One-Hot
+-----------------------------------------------------------------------------------+
; State Machine - |rs232_top|sender:sender_inst|state                               ;
+-----------------+----------------+-----------------+-----------------+------------+
; Name            ; state.STOP_BIT ; state.DATA_BITS ; state.START_BIT ; state.IDLE ;
+-----------------+----------------+-----------------+-----------------+------------+
; state.IDLE      ; 0              ; 0               ; 0               ; 0          ;
; state.START_BIT ; 0              ; 0               ; 1               ; 1          ;
; state.DATA_BITS ; 0              ; 1               ; 0               ; 1          ;
; state.STOP_BIT  ; 1              ; 0               ; 0               ; 1          ;
+-----------------+----------------+-----------------+-----------------+------------+


+------------------------------------------------------+
; General Register Statistics                          ;
+----------------------------------------------+-------+
; Statistic                                    ; Value ;
+----------------------------------------------+-------+
; Total registers                              ; 117   ;
; Number of registers using Synchronous Clear  ; 33    ;
; Number of registers using Synchronous Load   ; 19    ;
; Number of registers using Asynchronous Clear ; 117   ;
; Number of registers using Asynchronous Load  ; 0     ;
; Number of registers using Clock Enable       ; 51    ;
; Number of registers using Preset             ; 0     ;
+----------------------------------------------+-------+


+--------------------------------------------------+
; Inverted Register Statistics                     ;
+----------------------------------------+---------+
; Inverted Register                      ; Fan out ;
+----------------------------------------+---------+
; sender:sender_inst|tx_ready_internal   ; 3       ;
; mottaker:receiver_inst|dataInn_sync3   ; 9       ;
; mottaker:receiver_inst|dataInn_sync2   ; 1       ;
; sender:sender_inst|dataOut             ; 1       ;
; mottaker:receiver_inst|dataInn_prev    ; 1       ;
; send_trigger_prev                      ; 1       ;
; mottaker:receiver_inst|dataInn_sync1   ; 1       ;
; Total number of inverted registers = 7 ;         ;
+----------------------------------------+---------+


+---------------------------------------------------------------------------------------------------------------------------------------------------------------------------+
; Multiplexer Restructuring Statistics (Restructuring Performed)                                                                                                            ;
+--------------------+-----------+---------------+----------------------+------------------------+------------+-------------------------------------------------------------+
; Multiplexer Inputs ; Bus Width ; Baseline Area ; Area if Restructured ; Saving if Restructured ; Registered ; Example Multiplexer Output                                  ;
+--------------------+-----------+---------------+----------------------+------------------------+------------+-------------------------------------------------------------+
; 3:1                ; 16 bits   ; 32 LEs        ; 16 LEs               ; 16 LEs                 ; Yes        ; |rs232_top|sender:sender_inst|baud_counter[0]               ;
; 3:1                ; 19 bits   ; 38 LEs        ; 19 LEs               ; 19 LEs                 ; Yes        ; |rs232_top|data_display:display_inst|valid_pulse_counter[1] ;
; 5:1                ; 16 bits   ; 48 LEs        ; 16 LEs               ; 32 LEs                 ; Yes        ; |rs232_top|mottaker:receiver_inst|baud_counter[3]           ;
; 5:1                ; 3 bits    ; 9 LEs         ; 3 LEs                ; 6 LEs                  ; Yes        ; |rs232_top|sender:sender_inst|bit_counter[0]                ;
; 7:1                ; 3 bits    ; 12 LEs        ; 3 LEs                ; 9 LEs                  ; Yes        ; |rs232_top|mottaker:receiver_inst|bit_counter[0]            ;
; 6:1                ; 2 bits    ; 8 LEs         ; 4 LEs                ; 4 LEs                  ; No         ; |rs232_top|sender:sender_inst|Selector3                     ;
; 8:1                ; 2 bits    ; 10 LEs        ; 4 LEs                ; 6 LEs                  ; No         ; |rs232_top|sender:sender_inst|Selector4                     ;
; 8:1                ; 2 bits    ; 10 LEs        ; 4 LEs                ; 6 LEs                  ; No         ; |rs232_top|mottaker:receiver_inst|Selector5                 ;
+--------------------+-----------+---------------+----------------------+------------------------+------------+-------------------------------------------------------------+


+----------------------------------------------------------------------------------------------------------------------+
; Parameter Settings for Inferred Entity Instance: data_display:display_inst|bin2bcd_8bit:bin2bcd_inst|lpm_divide:Div1 ;
+------------------------+----------------+----------------------------------------------------------------------------+
; Parameter Name         ; Value          ; Type                                                                       ;
+------------------------+----------------+----------------------------------------------------------------------------+
; LPM_WIDTHN             ; 8              ; Untyped                                                                    ;
; LPM_WIDTHD             ; 4              ; Untyped                                                                    ;
; LPM_NREPRESENTATION    ; UNSIGNED       ; Untyped                                                                    ;
; LPM_DREPRESENTATION    ; UNSIGNED       ; Untyped                                                                    ;
; LPM_PIPELINE           ; 0              ; Untyped                                                                    ;
; LPM_REMAINDERPOSITIVE  ; TRUE           ; Untyped                                                                    ;
; MAXIMIZE_SPEED         ; 5              ; Untyped                                                                    ;
; CBXI_PARAMETER         ; lpm_divide_jhm ; Untyped                                                                    ;
; CARRY_CHAIN            ; MANUAL         ; Untyped                                                                    ;
; OPTIMIZE_FOR_SPEED     ; 5              ; Untyped                                                                    ;
; AUTO_CARRY_CHAINS      ; ON             ; AUTO_CARRY                                                                 ;
; IGNORE_CARRY_BUFFERS   ; OFF            ; IGNORE_CARRY                                                               ;
; AUTO_CASCADE_CHAINS    ; ON             ; AUTO_CASCADE                                                               ;
; IGNORE_CASCADE_BUFFERS ; OFF            ; IGNORE_CASCADE                                                             ;
+------------------------+----------------+----------------------------------------------------------------------------+
Note: In order to hide this table in the UI and the text report file, please set the "Show Parameter Settings in Synthesis Report" option in "Analysis and Synthesis Settings -> More Settings" to "Off".


+----------------------------------------------------------------------------------------------------------------------+
; Parameter Settings for Inferred Entity Instance: data_display:display_inst|bin2bcd_8bit:bin2bcd_inst|lpm_divide:Div0 ;
+------------------------+----------------+----------------------------------------------------------------------------+
; Parameter Name         ; Value          ; Type                                                                       ;
+------------------------+----------------+----------------------------------------------------------------------------+
; LPM_WIDTHN             ; 8              ; Untyped                                                                    ;
; LPM_WIDTHD             ; 7              ; Untyped                                                                    ;
; LPM_NREPRESENTATION    ; UNSIGNED       ; Untyped                                                                    ;
; LPM_DREPRESENTATION    ; UNSIGNED       ; Untyped                                                                    ;
; LPM_PIPELINE           ; 0              ; Untyped                                                                    ;
; LPM_REMAINDERPOSITIVE  ; TRUE           ; Untyped                                                                    ;
; MAXIMIZE_SPEED         ; 5              ; Untyped                                                                    ;
; CBXI_PARAMETER         ; lpm_divide_mhm ; Untyped                                                                    ;
; CARRY_CHAIN            ; MANUAL         ; Untyped                                                                    ;
; OPTIMIZE_FOR_SPEED     ; 5              ; Untyped                                                                    ;
; AUTO_CARRY_CHAINS      ; ON             ; AUTO_CARRY                                                                 ;
; IGNORE_CARRY_BUFFERS   ; OFF            ; IGNORE_CARRY                                                               ;
; AUTO_CASCADE_CHAINS    ; ON             ; AUTO_CASCADE                                                               ;
; IGNORE_CASCADE_BUFFERS ; OFF            ; IGNORE_CASCADE                                                             ;
+------------------------+----------------+----------------------------------------------------------------------------+
Note: In order to hide this table in the UI and the text report file, please set the "Show Parameter Settings in Synthesis Report" option in "Analysis and Synthesis Settings -> More Settings" to "Off".


+---------------------------------------------------------------------------------------------------------------------+
; Parameter Settings for Inferred Entity Instance: data_display:display_inst|bin2bcd_8bit:bin2bcd_inst|lpm_mult:Mult0 ;
+------------------------------------------------+--------------+-----------------------------------------------------+
; Parameter Name                                 ; Value        ; Type                                                ;
+------------------------------------------------+--------------+-----------------------------------------------------+
; AUTO_CARRY_CHAINS                              ; ON           ; AUTO_CARRY                                          ;
; IGNORE_CARRY_BUFFERS                           ; OFF          ; IGNORE_CARRY                                        ;
; AUTO_CASCADE_CHAINS                            ; ON           ; AUTO_CASCADE                                        ;
; IGNORE_CASCADE_BUFFERS                         ; OFF          ; IGNORE_CASCADE                                      ;
; LPM_WIDTHA                                     ; 2            ; Untyped                                             ;
; LPM_WIDTHB                                     ; 7            ; Untyped                                             ;
; LPM_WIDTHP                                     ; 9            ; Untyped                                             ;
; LPM_WIDTHR                                     ; 9            ; Untyped                                             ;
; LPM_WIDTHS                                     ; 1            ; Untyped                                             ;
; LPM_REPRESENTATION                             ; UNSIGNED     ; Untyped                                             ;
; LPM_PIPELINE                                   ; 0            ; Untyped                                             ;
; LATENCY                                        ; 0            ; Untyped                                             ;
; INPUT_A_IS_CONSTANT                            ; NO           ; Untyped                                             ;
; INPUT_B_IS_CONSTANT                            ; YES          ; Untyped                                             ;
; USE_EAB                                        ; OFF          ; Untyped                                             ;
; MAXIMIZE_SPEED                                 ; 5            ; Untyped                                             ;
; DEVICE_FAMILY                                  ; Cyclone IV E ; Untyped                                             ;
; CARRY_CHAIN                                    ; MANUAL       ; Untyped                                             ;
; APEX20K_TECHNOLOGY_MAPPER                      ; LUT          ; TECH_MAPPER_APEX20K                                 ;
; DEDICATED_MULTIPLIER_CIRCUITRY                 ; AUTO         ; Untyped                                             ;
; DEDICATED_MULTIPLIER_MIN_INPUT_WIDTH_FOR_AUTO  ; 0            ; Untyped                                             ;
; DEDICATED_MULTIPLIER_MIN_OUTPUT_WIDTH_FOR_AUTO ; 0            ; Untyped                                             ;
; CBXI_PARAMETER                                 ; NOTHING      ; Untyped                                             ;
; INPUT_A_FIXED_VALUE                            ; Bx           ; Untyped                                             ;
; INPUT_B_FIXED_VALUE                            ; Bx           ; Untyped                                             ;
; USE_AHDL_IMPLEMENTATION                        ; OFF          ; Untyped                                             ;
+------------------------------------------------+--------------+-----------------------------------------------------+
Note: In order to hide this table in the UI and the text report file, please set the "Show Parameter Settings in Synthesis Report" option in "Analysis and Synthesis Settings -> More Settings" to "Off".


+------------------------------------------------------------------------------------------------------------+
; lpm_mult Parameter Settings by Entity Instance                                                             ;
+---------------------------------------+--------------------------------------------------------------------+
; Name                                  ; Value                                                              ;
+---------------------------------------+--------------------------------------------------------------------+
; Number of entity instances            ; 1                                                                  ;
; Entity Instance                       ; data_display:display_inst|bin2bcd_8bit:bin2bcd_inst|lpm_mult:Mult0 ;
;     -- LPM_WIDTHA                     ; 2                                                                  ;
;     -- LPM_WIDTHB                     ; 7                                                                  ;
;     -- LPM_WIDTHP                     ; 9                                                                  ;
;     -- LPM_REPRESENTATION             ; UNSIGNED                                                           ;
;     -- INPUT_A_IS_CONSTANT            ; NO                                                                 ;
;     -- INPUT_B_IS_CONSTANT            ; YES                                                                ;
;     -- USE_EAB                        ; OFF                                                                ;
;     -- DEDICATED_MULTIPLIER_CIRCUITRY ; AUTO                                                               ;
;     -- INPUT_A_FIXED_VALUE            ; Bx                                                                 ;
;     -- INPUT_B_FIXED_VALUE            ; Bx                                                                 ;
+---------------------------------------+--------------------------------------------------------------------+


+--------------------------------------------------------------------------------------------------------------------------+
; Port Connectivity Checks: "data_display:display_inst|bin2bcd_8bit:bin2bcd_inst"                                          ;
+----------------+--------+----------+-------------------------------------------------------------------------------------+
; Port           ; Type   ; Severity ; Details                                                                             ;
+----------------+--------+----------+-------------------------------------------------------------------------------------+
; bcd_out[11..8] ; Output ; Info     ; Connected to dangling logic. Logic that only feeds a dangling port will be removed. ;
+----------------+--------+----------+-------------------------------------------------------------------------------------+


+-----------------------------------------------------+
; Post-Synthesis Netlist Statistics for Top Partition ;
+-----------------------+-----------------------------+
; Type                  ; Count                       ;
+-----------------------+-----------------------------+
; boundary_port         ; 112                         ;
; cycloneiii_ff         ; 117                         ;
;     CLR               ; 33                          ;
;     CLR SCLR          ; 33                          ;
;     ENA CLR           ; 32                          ;
;     ENA CLR SLD       ; 19                          ;
; cycloneiii_io_obuf    ; 7                           ;
; cycloneiii_lcell_comb ; 363                         ;
;     arith             ; 112                         ;
;         1 data inputs ; 2                           ;
;         2 data inputs ; 70                          ;
;         3 data inputs ; 40                          ;
;     normal            ; 251                         ;
;         0 data inputs ; 11                          ;
;         1 data inputs ; 9                           ;
;         2 data inputs ; 85                          ;
;         3 data inputs ; 31                          ;
;         4 data inputs ; 115                         ;
;                       ;                             ;
; Max LUT depth         ; 20.90                       ;
; Average LUT depth     ; 7.31                        ;
+-----------------------+-----------------------------+


+-------------------------------+
; Elapsed Time Per Partition    ;
+----------------+--------------+
; Partition Name ; Elapsed Time ;
+----------------+--------------+
; Top            ; 00:00:02     ;
+----------------+--------------+


+-------------------------------+
; Analysis & Synthesis Messages ;
+-------------------------------+
Info: *******************************************************************
Info: Running Quartus Prime Analysis & Synthesis
    Info: Version 24.1std.0 Build 1077 03/04/2025 SC Lite Edition
    Info: Processing started: Sun Nov 16 09:51:57 2025
Info: Command: quartus_map --read_settings_files=on --write_settings_files=off RS232_Communication -c RS232_Communication
Warning (18236): Number of processors has not been specified which may cause overloading on shared machines.  Set the global assignment NUM_PARALLEL_PROCESSORS in your QSF to an appropriate value for best performance.
Info (20030): Parallel compilation is enabled and will use 4 of the 4 processors detected
Info (12021): Found 2 design units, including 1 entities, in source file src/rs232_top.vhd
    Info (12022): Found design unit 1: rs232_top-RTL File: C:/Quartus_ELE111/RS232_CCM/src/rs232_top.vhd Line: 22
    Info (12023): Found entity 1: rs232_top File: C:/Quartus_ELE111/RS232_CCM/src/rs232_top.vhd Line: 5
Info (12021): Found 2 design units, including 1 entities, in source file src/sender.vhd
    Info (12022): Found design unit 1: sender-RTL File: C:/Quartus_ELE111/RS232_CCM/src/sender.vhd Line: 17
    Info (12023): Found entity 1: sender File: C:/Quartus_ELE111/RS232_CCM/src/sender.vhd Line: 5
Info (12021): Found 2 design units, including 1 entities, in source file src/mottaker.vhd
    Info (12022): Found design unit 1: mottaker-RTL File: C:/Quartus_ELE111/RS232_CCM/src/mottaker.vhd Line: 17
    Info (12023): Found entity 1: mottaker File: C:/Quartus_ELE111/RS232_CCM/src/mottaker.vhd Line: 5
Info (12021): Found 2 design units, including 1 entities, in source file src/baud_rate_selector.vhd
    Info (12022): Found design unit 1: baud_rate_selector-RTL File: C:/Quartus_ELE111/RS232_CCM/src/baud_rate_selector.vhd Line: 12
    Info (12023): Found entity 1: baud_rate_selector File: C:/Quartus_ELE111/RS232_CCM/src/baud_rate_selector.vhd Line: 5
Info (12021): Found 2 design units, including 1 entities, in source file src/digital_clock.vhd
    Info (12022): Found design unit 1: digital_clock-RTL File: C:/Quartus_ELE111/RS232_CCM/src/digital_clock.vhd Line: 16
    Info (12023): Found entity 1: digital_clock File: C:/Quartus_ELE111/RS232_CCM/src/digital_clock.vhd Line: 5
Info (12021): Found 2 design units, including 1 entities, in source file src/enable_1hz.vhd
    Info (12022): Found design unit 1: enable_1hz-RTL File: C:/Quartus_ELE111/RS232_CCM/src/enable_1hz.vhd Line: 13
    Info (12023): Found entity 1: enable_1hz File: C:/Quartus_ELE111/RS232_CCM/src/enable_1hz.vhd Line: 5
Info (12021): Found 2 design units, including 1 entities, in source file src/data_source_mux.vhd
    Info (12022): Found design unit 1: data_source_mux-RTL File: C:/Quartus_ELE111/RS232_CCM/src/data_source_mux.vhd Line: 13
    Info (12023): Found entity 1: data_source_mux File: C:/Quartus_ELE111/RS232_CCM/src/data_source_mux.vhd Line: 5
Info (12021): Found 2 design units, including 1 entities, in source file src/data_display.vhd
    Info (12022): Found design unit 1: data_display-RTL File: C:/Quartus_ELE111/RS232_CCM/src/data_display.vhd Line: 23
    Info (12023): Found entity 1: data_display File: C:/Quartus_ELE111/RS232_CCM/src/data_display.vhd Line: 5
Info (12021): Found 2 design units, including 1 entities, in source file src/reset_sync.vhd
    Info (12022): Found design unit 1: reset_sync-RTL File: C:/Quartus_ELE111/RS232_CCM/src/reset_sync.vhd Line: 12
    Info (12023): Found entity 1: reset_sync File: C:/Quartus_ELE111/RS232_CCM/src/reset_sync.vhd Line: 4
Info (12021): Found 2 design units, including 1 entities, in source file src/message_sync.vhd
    Info (12022): Found design unit 1: message_sync-RTL File: C:/Quartus_ELE111/RS232_CCM/src/message_sync.vhd Line: 20
    Info (12023): Found entity 1: message_sync File: C:/Quartus_ELE111/RS232_CCM/src/message_sync.vhd Line: 5
Info (12021): Found 2 design units, including 1 entities, in source file src/bin2bcd_8bit.vhd
    Info (12022): Found design unit 1: bin2bcd_8bit-behavior File: C:/Quartus_ELE111/RS232_CCM/src/bin2bcd_8bit.vhd Line: 12
    Info (12023): Found entity 1: bin2bcd_8bit File: C:/Quartus_ELE111/RS232_CCM/src/bin2bcd_8bit.vhd Line: 5
Info (12021): Found 2 design units, including 1 entities, in source file src/bin2bcd.vhd
    Info (12022): Found design unit 1: bin2bcd-behavior File: C:/Quartus_ELE111/RS232_CCM/src/bin2bcd.vhd Line: 12
    Info (12023): Found entity 1: bin2bcd File: C:/Quartus_ELE111/RS232_CCM/src/bin2bcd.vhd Line: 5
Info (12021): Found 2 design units, including 1 entities, in source file src/rom_7_seg.vhd
    Info (12022): Found design unit 1: ROM_7_seg-behavior File: C:/Quartus_ELE111/RS232_CCM/src/ROM_7_seg.vhd Line: 12
    Info (12023): Found entity 1: ROM_7_seg File: C:/Quartus_ELE111/RS232_CCM/src/ROM_7_seg.vhd Line: 5
Info (12127): Elaborating entity "rs232_top" for the top level hierarchy
Info (12128): Elaborating entity "reset_sync" for hierarchy "reset_sync:rst_sync_inst" File: C:/Quartus_ELE111/RS232_CCM/src/rs232_top.vhd Line: 126
Info (12128): Elaborating entity "baud_rate_selector" for hierarchy "baud_rate_selector:baud_selector" File: C:/Quartus_ELE111/RS232_CCM/src/rs232_top.vhd Line: 160
Info (12128): Elaborating entity "data_source_mux" for hierarchy "data_source_mux:data_mux" File: C:/Quartus_ELE111/RS232_CCM/src/rs232_top.vhd Line: 167
Info (12128): Elaborating entity "sender" for hierarchy "sender:sender_inst" File: C:/Quartus_ELE111/RS232_CCM/src/rs232_top.vhd Line: 175
Info (12128): Elaborating entity "mottaker" for hierarchy "mottaker:receiver_inst" File: C:/Quartus_ELE111/RS232_CCM/src/rs232_top.vhd Line: 187
Info (12128): Elaborating entity "data_display" for hierarchy "data_display:display_inst" File: C:/Quartus_ELE111/RS232_CCM/src/rs232_top.vhd Line: 199
Info (12128): Elaborating entity "bin2bcd_8bit" for hierarchy "data_display:display_inst|bin2bcd_8bit:bin2bcd_inst" File: C:/Quartus_ELE111/RS232_CCM/src/data_display.vhd Line: 81
Info (12128): Elaborating entity "ROM_7_seg" for hierarchy "data_display:display_inst|ROM_7_seg:rom_7seg_ones" File: C:/Quartus_ELE111/RS232_CCM/src/data_display.vhd Line: 88
Info (278001): Inferred 3 megafunctions from design logic
    Info (278004): Inferred divider/modulo megafunction ("lpm_divide") from the following logic: "data_display:display_inst|bin2bcd_8bit:bin2bcd_inst|Div1" File: C:/Quartus_ELE111/RS232_CCM/src/bin2bcd_8bit.vhd Line: 28
    Info (278004): Inferred divider/modulo megafunction ("lpm_divide") from the following logic: "data_display:display_inst|bin2bcd_8bit:bin2bcd_inst|Div0" File: C:/Quartus_ELE111/RS232_CCM/src/bin2bcd_8bit.vhd Line: 24
    Info (278003): Inferred multiplier megafunction ("lpm_mult") from the following logic: "data_display:display_inst|bin2bcd_8bit:bin2bcd_inst|Mult0" File: C:/Quartus_ELE111/RS232_CCM/src/bin2bcd_8bit.vhd Line: 25
Info (12130): Elaborated megafunction instantiation "data_display:display_inst|bin2bcd_8bit:bin2bcd_inst|lpm_divide:Div1" File: C:/Quartus_ELE111/RS232_CCM/src/bin2bcd_8bit.vhd Line: 28
Info (12133): Instantiated megafunction "data_display:display_inst|bin2bcd_8bit:bin2bcd_inst|lpm_divide:Div1" with the following parameter: File: C:/Quartus_ELE111/RS232_CCM/src/bin2bcd_8bit.vhd Line: 28
    Info (12134): Parameter "LPM_WIDTHN" = "8"
    Info (12134): Parameter "LPM_WIDTHD" = "4"
    Info (12134): Parameter "LPM_NREPRESENTATION" = "UNSIGNED"
    Info (12134): Parameter "LPM_DREPRESENTATION" = "UNSIGNED"
Info (12021): Found 1 design units, including 1 entities, in source file db/lpm_divide_jhm.tdf
    Info (12023): Found entity 1: lpm_divide_jhm File: C:/Quartus_ELE111/RS232_CCM/db/lpm_divide_jhm.tdf Line: 25
Info (12021): Found 1 design units, including 1 entities, in source file db/sign_div_unsign_bkh.tdf
    Info (12023): Found entity 1: sign_div_unsign_bkh File: C:/Quartus_ELE111/RS232_CCM/db/sign_div_unsign_bkh.tdf Line: 25
Info (12021): Found 1 design units, including 1 entities, in source file db/alt_u_div_a4f.tdf
    Info (12023): Found entity 1: alt_u_div_a4f File: C:/Quartus_ELE111/RS232_CCM/db/alt_u_div_a4f.tdf Line: 27
Info (12021): Found 1 design units, including 1 entities, in source file db/add_sub_7pc.tdf
    Info (12023): Found entity 1: add_sub_7pc File: C:/Quartus_ELE111/RS232_CCM/db/add_sub_7pc.tdf Line: 23
Info (12021): Found 1 design units, including 1 entities, in source file db/add_sub_8pc.tdf
    Info (12023): Found entity 1: add_sub_8pc File: C:/Quartus_ELE111/RS232_CCM/db/add_sub_8pc.tdf Line: 23
Info (12130): Elaborated megafunction instantiation "data_display:display_inst|bin2bcd_8bit:bin2bcd_inst|lpm_divide:Div0" File: C:/Quartus_ELE111/RS232_CCM/src/bin2bcd_8bit.vhd Line: 24
Info (12133): Instantiated megafunction "data_display:display_inst|bin2bcd_8bit:bin2bcd_inst|lpm_divide:Div0" with the following parameter: File: C:/Quartus_ELE111/RS232_CCM/src/bin2bcd_8bit.vhd Line: 24
    Info (12134): Parameter "LPM_WIDTHN" = "8"
    Info (12134): Parameter "LPM_WIDTHD" = "7"
    Info (12134): Parameter "LPM_NREPRESENTATION" = "UNSIGNED"
    Info (12134): Parameter "LPM_DREPRESENTATION" = "UNSIGNED"
Info (12021): Found 1 design units, including 1 entities, in source file db/lpm_divide_mhm.tdf
    Info (12023): Found entity 1: lpm_divide_mhm File: C:/Quartus_ELE111/RS232_CCM/db/lpm_divide_mhm.tdf Line: 25
Info (12021): Found 1 design units, including 1 entities, in source file db/sign_div_unsign_ekh.tdf
    Info (12023): Found entity 1: sign_div_unsign_ekh File: C:/Quartus_ELE111/RS232_CCM/db/sign_div_unsign_ekh.tdf Line: 25
Info (12021): Found 1 design units, including 1 entities, in source file db/alt_u_div_g4f.tdf
    Info (12023): Found entity 1: alt_u_div_g4f File: C:/Quartus_ELE111/RS232_CCM/db/alt_u_div_g4f.tdf Line: 27
Info (12130): Elaborated megafunction instantiation "data_display:display_inst|bin2bcd_8bit:bin2bcd_inst|lpm_mult:Mult0" File: C:/Quartus_ELE111/RS232_CCM/src/bin2bcd_8bit.vhd Line: 25
Info (12133): Instantiated megafunction "data_display:display_inst|bin2bcd_8bit:bin2bcd_inst|lpm_mult:Mult0" with the following parameter: File: C:/Quartus_ELE111/RS232_CCM/src/bin2bcd_8bit.vhd Line: 25
    Info (12134): Parameter "LPM_WIDTHA" = "2"
    Info (12134): Parameter "LPM_WIDTHB" = "7"
    Info (12134): Parameter "LPM_WIDTHP" = "9"
    Info (12134): Parameter "LPM_WIDTHR" = "9"
    Info (12134): Parameter "LPM_WIDTHS" = "1"
    Info (12134): Parameter "LPM_REPRESENTATION" = "UNSIGNED"
    Info (12134): Parameter "INPUT_A_IS_CONSTANT" = "NO"
    Info (12134): Parameter "INPUT_B_IS_CONSTANT" = "YES"
    Info (12134): Parameter "MAXIMIZE_SPEED" = "5"
Info (12131): Elaborated megafunction instantiation "data_display:display_inst|bin2bcd_8bit:bin2bcd_inst|lpm_mult:Mult0|multcore:mult_core", which is child of megafunction instantiation "data_display:display_inst|bin2bcd_8bit:bin2bcd_inst|lpm_mult:Mult0" File: c:/intelfpga_lite/24.1std/quartus/libraries/megafunctions/lpm_mult.tdf Line: 309
Info (12131): Elaborated megafunction instantiation "data_display:display_inst|bin2bcd_8bit:bin2bcd_inst|lpm_mult:Mult0|multcore:mult_core|mpar_add:padder", which is child of megafunction instantiation "data_display:display_inst|bin2bcd_8bit:bin2bcd_inst|lpm_mult:Mult0" File: c:/intelfpga_lite/24.1std/quartus/libraries/megafunctions/multcore.tdf Line: 229
Info (12131): Elaborated megafunction instantiation "data_display:display_inst|bin2bcd_8bit:bin2bcd_inst|lpm_mult:Mult0|altshift:external_latency_ffs", which is child of megafunction instantiation "data_display:display_inst|bin2bcd_8bit:bin2bcd_inst|lpm_mult:Mult0" File: c:/intelfpga_lite/24.1std/quartus/libraries/megafunctions/lpm_mult.tdf Line: 352
Warning (13034): The following nodes have both tri-state and non-tri-state drivers
    Warning (13035): Inserted always-enabled tri-state buffer between "EX_IO[0]" and its non-tri-state driver. File: C:/Quartus_ELE111/RS232_CCM/src/rs232_top.vhd Line: 12
Info (13000): Registers with preset signals will power-up high File: C:/Quartus_ELE111/RS232_CCM/src/sender.vhd Line: 79
Info (13003): DEV_CLRn pin will set, and not reset, register with preset signal due to NOT Gate Push-Back
Warning (13009): TRI or OPNDRN buffers permanently enabled
    Warning (13010): Node "EX_IO[0]~synth" File: C:/Quartus_ELE111/RS232_CCM/src/rs232_top.vhd Line: 12
Warning (13024): Output pins are stuck at VCC or GND
    Warning (13410): Pin "LEDR[8]" is stuck at GND File: C:/Quartus_ELE111/RS232_CCM/src/rs232_top.vhd Line: 14
    Warning (13410): Pin "LEDR[9]" is stuck at GND File: C:/Quartus_ELE111/RS232_CCM/src/rs232_top.vhd Line: 14
    Warning (13410): Pin "LEDR[10]" is stuck at GND File: C:/Quartus_ELE111/RS232_CCM/src/rs232_top.vhd Line: 14
    Warning (13410): Pin "LEDR[11]" is stuck at GND File: C:/Quartus_ELE111/RS232_CCM/src/rs232_top.vhd Line: 14
    Warning (13410): Pin "LEDR[12]" is stuck at GND File: C:/Quartus_ELE111/RS232_CCM/src/rs232_top.vhd Line: 14
    Warning (13410): Pin "LEDR[13]" is stuck at GND File: C:/Quartus_ELE111/RS232_CCM/src/rs232_top.vhd Line: 14
    Warning (13410): Pin "LEDR[14]" is stuck at GND File: C:/Quartus_ELE111/RS232_CCM/src/rs232_top.vhd Line: 14
    Warning (13410): Pin "LEDR[15]" is stuck at GND File: C:/Quartus_ELE111/RS232_CCM/src/rs232_top.vhd Line: 14
    Warning (13410): Pin "LEDR[16]" is stuck at GND File: C:/Quartus_ELE111/RS232_CCM/src/rs232_top.vhd Line: 14
    Warning (13410): Pin "LEDR[17]" is stuck at GND File: C:/Quartus_ELE111/RS232_CCM/src/rs232_top.vhd Line: 14
    Warning (13410): Pin "LEDG[2]" is stuck at GND File: C:/Quartus_ELE111/RS232_CCM/src/rs232_top.vhd Line: 15
    Warning (13410): Pin "LEDG[3]" is stuck at GND File: C:/Quartus_ELE111/RS232_CCM/src/rs232_top.vhd Line: 15
    Warning (13410): Pin "LEDG[4]" is stuck at GND File: C:/Quartus_ELE111/RS232_CCM/src/rs232_top.vhd Line: 15
    Warning (13410): Pin "HEX2[0]" is stuck at VCC File: C:/Quartus_ELE111/RS232_CCM/src/rs232_top.vhd Line: 17
    Warning (13410): Pin "HEX2[1]" is stuck at VCC File: C:/Quartus_ELE111/RS232_CCM/src/rs232_top.vhd Line: 17
    Warning (13410): Pin "HEX2[2]" is stuck at VCC File: C:/Quartus_ELE111/RS232_CCM/src/rs232_top.vhd Line: 17
    Warning (13410): Pin "HEX2[3]" is stuck at VCC File: C:/Quartus_ELE111/RS232_CCM/src/rs232_top.vhd Line: 17
    Warning (13410): Pin "HEX2[4]" is stuck at VCC File: C:/Quartus_ELE111/RS232_CCM/src/rs232_top.vhd Line: 17
    Warning (13410): Pin "HEX2[5]" is stuck at VCC File: C:/Quartus_ELE111/RS232_CCM/src/rs232_top.vhd Line: 17
    Warning (13410): Pin "HEX2[6]" is stuck at VCC File: C:/Quartus_ELE111/RS232_CCM/src/rs232_top.vhd Line: 17
    Warning (13410): Pin "HEX3[0]" is stuck at VCC File: C:/Quartus_ELE111/RS232_CCM/src/rs232_top.vhd Line: 17
    Warning (13410): Pin "HEX3[1]" is stuck at VCC File: C:/Quartus_ELE111/RS232_CCM/src/rs232_top.vhd Line: 17
    Warning (13410): Pin "HEX3[2]" is stuck at VCC File: C:/Quartus_ELE111/RS232_CCM/src/rs232_top.vhd Line: 17
    Warning (13410): Pin "HEX3[3]" is stuck at VCC File: C:/Quartus_ELE111/RS232_CCM/src/rs232_top.vhd Line: 17
    Warning (13410): Pin "HEX3[4]" is stuck at VCC File: C:/Quartus_ELE111/RS232_CCM/src/rs232_top.vhd Line: 17
    Warning (13410): Pin "HEX3[5]" is stuck at VCC File: C:/Quartus_ELE111/RS232_CCM/src/rs232_top.vhd Line: 17
    Warning (13410): Pin "HEX3[6]" is stuck at VCC File: C:/Quartus_ELE111/RS232_CCM/src/rs232_top.vhd Line: 17
Info (286030): Timing-Driven Synthesis is running
Info (16010): Generating hard_block partition "hard_block:auto_generated_inst"
    Info (16011): Adding 0 node(s), including 0 DDIO, 0 PLL, 0 transceiver and 0 LCELL
Warning (21074): Design contains 6 input pin(s) that do not drive logic
    Warning (15610): No output dependent on input pin "KEY[1]" File: C:/Quartus_ELE111/RS232_CCM/src/rs232_top.vhd Line: 9
    Warning (15610): No output dependent on input pin "KEY[2]" File: C:/Quartus_ELE111/RS232_CCM/src/rs232_top.vhd Line: 9
    Warning (15610): No output dependent on input pin "SW[8]" File: C:/Quartus_ELE111/RS232_CCM/src/rs232_top.vhd Line: 10
    Warning (15610): No output dependent on input pin "SW[9]" File: C:/Quartus_ELE111/RS232_CCM/src/rs232_top.vhd Line: 10
    Warning (15610): No output dependent on input pin "SW[10]" File: C:/Quartus_ELE111/RS232_CCM/src/rs232_top.vhd Line: 10
    Warning (15610): No output dependent on input pin "SW[11]" File: C:/Quartus_ELE111/RS232_CCM/src/rs232_top.vhd Line: 10
Info (21057): Implemented 510 device resources after synthesis - the final resource count might be different
    Info (21058): Implemented 23 input pins
    Info (21059): Implemented 82 output pins
    Info (21060): Implemented 7 bidirectional pins
    Info (21061): Implemented 398 logic cells
Info: Quartus Prime Analysis & Synthesis was successful. 0 errors, 40 warnings
    Info: Peak virtual memory: 4901 megabytes
    Info: Processing ended: Sun Nov 16 09:52:16 2025
    Info: Elapsed time: 00:00:19
    Info: Total CPU time (on all processors): 00:00:32


